#dig label(dig)
,j
u,d,u
,j
#>
,u
j,d,j
,u
#>
,j
u,d,u
,j
#>
,u
j,d,j
,u
#>
,j
u,d,u
,j
#>
,u
j,d,j
,u
#>
,j
u,d,u
,j
#>
,u
j,d,j
,u
#>
,j
u,d,u
,j
#>
,u
j,d,j
,u
#>
,j
u,d,u
,j
#>
,u
j,d,j
,u
