#query label(query)



,,"{givename name=""foo dumper""}"
,,"{givename name=""foo""}"
