#dig label(carve)
trackSE,trackEW,trackEW,trackEW,trackSW
trackNE,,,,trackNW
#>

,trackrampEW,trackEW,trackrampEW
