#build label(build) start(14;14)
,~,~,,~,~,~,,gs(1x2),ga(2x1),,gx(1x2),gw(1x2),,gw(1x2),gx(1x2),gd(2x1),,gs(1x2),,~,~,~,,~,~
~,,~,,~,~,~,,,gd(2x1),,,,,,,ga(2x1),,,,~,~,~,,~,,~
~,~,,,~,~,~,,Mrsssqq(2x1),,,Msh,,,,,Msk,Mrsqq(2x1),,,~,~,~,,,~,~
,,,,,,,,CSdddaaaa,,Msk,,Mw,,Mw,,,Msh,CSddddaaaa
~,~,~,,,~,~,,CSa,,Mrss(1x2),Mw,,,,Mw,Mrss(1x2),,CSa,,~,~,,,~,~,~
~,~,~,,~,,~,,,Msm,,,Mhs(1x2),,Mhs(1x2),,,Msm,,,~,,~,,~,~,~
~,~,~,,~,~,,,Msu,,Mws,,,,,,Mws,,Msu,,,~,~,,~,~,~
,,,,,,,,,Mws,,Mh(2x1),,,Mh(2x1),,,Mws
gs(2x1),,Mrqq(1x2),CSddaaaa,CSa,,Msh,,,,,,,,,,,,,,,Msk,CSa,CSddaaaa,Mrqq(1x2),gs(2x1)
gw(1x2),gx(1x2),,,,Msk,,Mw,,,~,~,~,,~,~,~,,,Mw,,,Msh,,,gx(1x2),gw(1x2)
,,,Msm,Mrs(2x1),,Mw,,,~,,~,~,,~,~,,~,,,Mw,Mrsss(2x1),,Msm
gd(2x1),,Msu,,Mws,,,Mhs(1x2),,~,~,,~,,~,,~,~,,Mhs(1x2),,,Mws,,Msu,ga(2x1)
ga(2x1),,,Mws,,Mh(2x1),,,,~,~,~,,,,~,~,~,,,Mh(2x1),,,Mws,,gd(2x1)

ga(2x1),,,Mws,,Mh(2x1),,Mhs(1x2),,~,~,~,,,,~,~,~,,Mhs(1x2),Mh(2x1),,,Mws,,gd(2x1)
gd(2x1),,,,Mws,,,,,~,~,,~,,~,,~,~,,,,,Mws,,,ga(2x1)
gx(1x2),gw(1x2),Msm,,Mrs(2x1),,Mw,,,~,,~,~,,~,~,,~,,,Mw,Mrsss(2x1),,,Msm,gw(1x2),gx(1x2)
,,Mrssqq(1x2),Msu,,Msk,,Mw,,,~,~,~,,~,~,~,,,Mw,,,Msh,Msu,Mrssqq(1x2)
gs(2x1),,,CSdaaaa,CSa,,Msh,,,,,,,,,,,,,,,Msk,CSa,CSdaaaa,,gs(2x1)
,,,,,,,,,Mws,,Mh(2x1),,,Mh(2x1),,,Mws
~,~,~,,~,~,,,,,Mws,,Mhs(1x2),,Mhs(1x2),,Mws,,,,,~,~,,~,~,~
~,~,~,,~,,~,,Msm,,Mr(1x2),,,,,,Mr(1x2),,Msm,,~,,~,,~,~,~
~,~,~,,,~,~,,CSa,Msu,,Mw,,,,Mw,,Msu,CSa,,~,~,,,~,~,~
,,,,,,,,CSdddaaaa,,Msk,,Mw,,Mw,,,Msh,CSddddaaaa
~,~,,,~,~,~,,Mrsssqq(2x1),,,Msh,,,,,Msk,Mrsqq(2x1),,,~,~,~,,,~,~
~,,~,,~,~,~,,gs(1x2),gd(2x1),,gw(1x2),gx(1x2),,gx(1x2),gw(1x2),ga(2x1),,gs(1x2),,~,~,~,,~,,~
,~,~,,~,~,~,,,ga(2x1),,,,,,,gd(2x1),,,,~,~,~,,~,~
