#build label(construct) start(14;14)
,trackNS,trackE,,trackW,trackS,trackN,,,,,,,,,,,,,,trackN,trackS,trackE,,trackW,trackNS
trackEW,,trackSE,,trackSW,trackNE,trackNW,,,,,,,,,,,,,,trackNE,trackNW,trackSE,,trackSW,,trackEW
trackS,trackSE,,,trackNSE,trackNSW,trackEW,,,,,,,,,,,,,,trackEW,trackNSE,trackNSW,,,trackSW,trackS

trackN,trackNE,trackSEW,,,trackSEW,trackNEW,,,,,,,,,,,,,,trackNEW,trackSEW,,,trackSEW,trackNW,trackN
trackE,trackSW,trackNEW,,trackNSE,,trackNSEW,,,,,,,,,,,,,,trackNSEW,,trackNSW,,trackNEW,trackSE,trackW
trackW,trackNW,trackNS,,trackNSW,trackNSEW,,,,,,,,,,,,,,,,trackNSEW,trackNSE,,trackNS,trackNE,trackE


,,,,,,,,,,trackrampNW,trackrampNS,trackrampN,,trackrampN,trackrampNS,trackrampNE
,,,,,,,,,trackrampNW,,trackrampNSE,trackrampNSW,,trackrampNSE,trackrampNSW,,trackrampNE
,,,,,,,,,trackrampEW,trackrampSEW,,trackrampNSEW,,trackrampNSEW,,trackrampSEW,trackrampEW
,,,,,,,,,trackrampW,trackrampNEW,trackrampNSEW,,,,trackrampNSEW,trackrampNEW,trackrampE

,,,,,,,,,trackrampW,trackrampSEW,trackrampNSEW,,,,trackrampNSEW,trackrampSEW,trackrampE
,,,,,,,,,trackrampEW,trackrampNEW,,trackrampNSEW,,trackrampNSEW,,trackrampNEW,trackrampEW
,,,,,,,,,trackrampSW,,trackrampNSE,trackrampNSW,,trackrampNSE,trackrampNSW,,trackrampSE
,,,,,,,,,,trackrampSW,trackrampNS,trackrampS,,trackrampS,trackrampNS,trackrampSE


trackW,trackSW,trackNS,,trackNSW,trackNSEW,,,,,,,,,,,,,,,,trackNSEW,trackNSE,,trackNS,trackSE,trackE
trackE,trackNW,trackSEW,,trackNSE,,trackNSEW,,,,,,,,,,,,,,trackNSEW,,trackNSW,,trackSEW,trackNE,trackW
trackS,trackSE,trackNEW,,,trackNEW,trackSEW,,,,,,,,,,,,,,trackSEW,trackNEW,,,trackNEW,trackSW,trackS

trackN,trackNE,,,trackNSE,trackNSW,trackEW,,,,,,,,,,,,,,trackEW,trackNSE,trackNSW,,,trackNW,trackN
trackEW,,trackNE,,trackNW,trackSE,trackSW,,,,,,,,,,,,,,trackSE,trackSW,trackNE,,trackNW,,trackEW
,trackNS,trackE,,trackW,trackN,trackS,,,,,,,,,,,,,,trackS,trackN,trackE,,trackW,trackNS
